error: missing argument for index 1
 --> tests/fail/missing_positional.rs:2:32
  |
2 |     sqlm_postgres_macros::sql!("foo{1} {}", "bar");
  |                                ^^^^^^^^^^^
