error[E0277]: the trait bound `Vec<User>: Query<Struct<(StructColumn<i64, "id">, StructColumn<sqlm_postgres::types::Enum<(EnumVariant<"admin">, EnumVariant<"user">)>, "role">)>>` is not satisfied
  --> tests/fail-nightly/enum_variant_mismatch.rs:23:59
   |
23 |     let _: Vec<User> = sql!("SELECT id, role FROM users").await.unwrap();
   |                                                          -^^^^^
   |                                                          ||
   |                                                          |the trait `Query<Struct<(StructColumn<i64, "id">, StructColumn<sqlm_postgres::types::Enum<(EnumVariant<"admin">, EnumVariant<"user">)>, "role">)>>` is not implemented for `Vec<User>`
   |                                                          help: remove the `.await`
   |
   = help: the trait `Query<Struct<(StructColumn<i64, "id">, StructColumn<sqlm_postgres::types::Enum<(EnumVariant<"moderator">, EnumVariant<"user">)>, "role">)>>` is implemented for `Vec<User>`
   = note: required for `Sql<'_, Struct<(StructColumn<i64, "id">, StructColumn<Enum<(EnumVariant<"admin">, ...)>, "role">)>, ...>` to implement `IntoFuture`
