error[E0277]: the trait bound `Role: sqlm_postgres::query::Query<sqlm_postgres::types::Array<Vec<sqlm_postgres::types::Enum<(EnumVariant<5755620910692865178>, EnumVariant<10465144470622129318>)>>>>` is not satisfied
  --> tests/fail-stable/enum_array_to_enum_literal.rs:17:10
   |
17 |         .await
   |         -^^^^^
   |         ||
   |         |the trait `sqlm_postgres::query::Query<sqlm_postgres::types::Array<Vec<sqlm_postgres::types::Enum<(EnumVariant<5755620910692865178>, EnumVariant<10465144470622129318>)>>>>` is not implemented for `Role`, which is required by `Sql<'_, sqlm_postgres::types::Array<Vec<sqlm_postgres::types::Enum<(EnumVariant<5755620910692865178>, EnumVariant<10465144470622129318>)>>>, _>: IntoFuture`
   |         help: remove the `.await`
   |
   = help: the following other types implement trait `sqlm_postgres::query::Query<Cols>`:
             <Vec<u8> as sqlm_postgres::query::Query<Primitive<Bytea>>>
             <Vec<Vec<u8>> as sqlm_postgres::query::Query<Primitive<Bytea>>>
             <Vec<Vec<u8>> as sqlm_postgres::query::Query<sqlm_postgres::types::Array<Vec<Bytea>>>>
             <Vec<T> as sqlm_postgres::query::Query<Struct<Cols>>>
             <Vec<T> as sqlm_postgres::query::Query<Primitive<<T as SqlType>::Type>>>
             <Vec<T> as sqlm_postgres::query::Query<sqlm_postgres::types::Array<Vec<<T as SqlType>::Type>>>>
             <Option<Vec<u8>> as sqlm_postgres::query::Query<Primitive<Bytea>>>
             <Option<T> as sqlm_postgres::query::Query<Struct<Cols>>>
           and $N others
   = note: required for `Sql<'_, sqlm_postgres::types::Array<Vec<sqlm_postgres::types::Enum<(EnumVariant<5755620910692865178>, EnumVariant<10465144470622129318>)>>>, Role>` to implement `IntoFuture`
